PostgreSQL research

PostgreSQL 9.2 devel Syntax : DROP INDEX CONCURRENTLY

2012-04-10 15:59:19   查看原文>>

在PostgreSQL中创建索引有两种方法，
1. CREATE INDEX
被创建索引的表在创建索引期间不能进行insert, update, delete操作，只能进行select 操作.
大多数生产系统不会允许这么来做, 即便要做也是要确定在创建索引期间不会对这个表进行写操作。否则会带来严重的锁等待问题。

2. CREATE INDEX CONCURRENTLY
分为两个事务，第一个事务在系统表中增加索引并置为INVALID。
第二个事务要扫描两次表，成功后将索引置为VALID。
如果建立的是unique的index, 并且在创建过程中失败了, 那么不会通过这个索引限制该列的唯一性. 但是这个索引还是有DML的overhead的。
invalid的索引可以通过REINDEX，或者删掉重新创建来修复.
另外需要注意的是CREATE INDEX CONCURRENTLY不能放在事务里面.

例如 : 

digoal=> create index concurrently idx_test_info on test(info);
创建过程中查看
digoal=> \d test
     Table "digoal.test"
 Column |  Type   | Modifiers 
--------+---------+-----------
 id     | integer | 
 info   | text    | 
Indexes:
    "idx_test_info" btree (info) INVALID
创建完成后查看
digoal=> \d test
     Table "digoal.test"
 Column |  Type   | Modifiers 
--------+---------+-----------
 id     | integer | 
 info   | text    | 
Indexes:
    "idx_test_info" btree (info)


删除索引同样会阻挡DML操作, SELECT操作除外.
所以PostgreSQL9.2 将引入drop index concurrently语法.

例如 :

postgres=# create table test (id int,info text); CREATE TABLE
postgres=# create unique index concurrently idx_test_info on test (info);

# 强制关库
pg92@db-172-16-3-150-> pg_ctl stop -m immediate
waiting for server to shut down.... done
server stopped
# 启库
pg92@db-172-16-3-150-> pg_ctl start

# 查看索引状态
postgres=# \d test      
Table "public.test"  
Column |  Type   | Modifiers
--------+---------+-----------
id     | integer |   info   | text    |  
Indexes:     "idx_test_info" 
    UNIQUE, btree (info) INVALID

# 插入重复数据, 正常. 验证
postgres=# insert into test values (1,'digoal1') postgres-# ; 
INSERT 0 1 
postgres=# select * from test where id=1;  
id |  info    
----+---------   
1 | digoal1   
1 | digoal1 
(2 rows)

# 使用drop index concurrently删除invalid 索引.
postgres=# drop index concurrently idx_test_info; 
DROP INDEX 
postgres=# \d test      
Table "public.test"  
Column |  Type   | Modifiers  
--------+---------+-----------  
id     | integer |   info   | text    |
# 删除正常索引
postgres=# create index idx_test_info on test (info); 
CREATE INDEX 
postgres=# drop index concurrently idx_test_info; 
DROP INDEX



【参考】
https://commitfest.postgresql.org/action/patch_view?id=742 
http://www.postgresql.org/docs/9.1/static/sql-createindex.html
src/backend/catalog/index.c
src/backend/commands/cluster.c

