PostgreSQL research

PostgreSQL array subscript out of range error explain

2012-01-12 7:41:36   查看原文>>

昨天群里一位网友问了一个array相关的问题, 如下 : 

create or replace function ta() returns record as
 $BODY$
 declare
 A INT[10][10];
 begin
 for i in 1..3 loop
      for j in 1..3 loop
              A[i][j]:=i*10+j;
              raise notice '%',A[i][j];
      end loop;
 end loop;
 end;
 $BODY$
 LANGUAGE 'plpgsql' VOLATILE;


大家帮我看看这个函数 , 调用的时候老是报数组下标超出范围。

执行时报错如下 : 

digoal=> DO
digoal-> $$
digoal$>  declare
digoal$>  A INT[10][10];
digoal$>  begin
digoal$>  for i in 1..3 loop
digoal$>       for j in 1..3 loop
digoal$>               A[i][j]:=i*10+j;
digoal$>               raise notice '%',A[i][j];
digoal$>       end loop;
digoal$>  end loop;
digoal$>  end;
digoal$> $$;
NOTICE:  11
ERROR:  array subscript out of range
CONTEXT:  PL/pgSQL function "inline_code_block" line 7 at assignment


也就是说第一次赋值是成功的, 后面就失败了. 

于是我专门看了一下手册的8.14章节, 和报错的相关源码部分. 这个报错的原因是PostgreSQL仅支持一位数组的扩展, 但不支持多维数组的扩展.
手册原文如下 : 

An array can also be constructed by using the functions array_prepend, array_append, or array_cat. The first two only support one-dimensional arrays, but array_cat supports multidimensional arrays.


也就是说多一位数组可以往数组的前面或后方添加元素，并且可以做数组的连接。但是多维数组只能做连接，不能做前后添加元素。

下面来举个例子, 例如 : 
一元数组往后添加元素，

digoal=> select array_append(ARRAY['digoal','francs'],'david');
     array_append      
-----------------------
 {digoal,francs,david}


一元数组在前面插入元素

digoal=> select array_prepend('david',ARRAY['digoal','francs']);
     array_prepend     
-----------------------
 {david,digoal,francs}


二维数组操作则报错 : 

digoal=> select array_prepend(ARRAY['david','guo'],ARRAY[['digoal','zhou'],['francs','tan']]);
ERROR:  function array_prepend(text[], text[]) does not exist
LINE 1: select array_prepend(ARRAY['david','guo'],ARRAY[['digoal','z...
               ^
HINT:  No function matches the given name and argument types. You might need to add explicit type casts.
digoal=> select array_append(ARRAY[['digoal','zhou'],['francs','tan']], ARRAY['david','guo']);
ERROR:  function array_append(text[], text[]) does not exist
LINE 1: select array_append(ARRAY[['digoal','zhou'],['francs','tan']...
               ^
HINT:  No function matches the given name and argument types. You might need to add explicit type casts.



但是二维数组支持连接操作如下 : 

digoal=> select array_cat(ARRAY[['digoal','zhou'],['francs','tan']], ARRAY['david','guo']);
                array_cat                 
------------------------------------------
 {{digoal,zhou},{francs,tan},{david,guo}}



接下来看看源码部分对这个错误的解释 : 

src/backend/utils/adt/arrayfuncs.c
                /*
                 * XXX currently we do not support extending multi-dimensional arrays
                 * during assignment
                 */
                for (i = 0; i < ndim; i++)
                {
                        if (indx[i] < lb[i] ||
                                indx[i] >= (dim[i] + lb[i]))
                                ereport(ERROR,
                                                (errcode(ERRCODE_ARRAY_SUBSCRIPT_ERROR),
                                                 errmsg("array subscript out of range")));
                }



另外, 手册上还指出, 查询array中指定的元素可能是数据库设计上的失误, 如果要查询的话推荐用表字段存储元素来代替array, 对扩展性也是有好处的, 原文如下 : 

Tip: 
Arrays are not sets; searching for specific array elements can be a sign of database misdesign. 
Consider using a separate table with a row for each item that would be an array element. 
This will be easier to search, and is likely to scale better for a large number of elements.


评论

晴天 - 2012-01-12 10:23:58

受教了

