PostgreSQL research

PostgreSQL enforce transaction read only for nonsuperuser

2014-04-25 12:41:16   查看原文>>

经常有网友会问我能不能让PostgreSQL实现只读的限制.
例如对指定的库或者指定的用户设置只读权限.
在PostgreSQL中有个参数default_transaction_read_only是设置客户端连接过来是否默认为只读事务的.
但是该参数任何用户都可以修改, 或者直接执行begin read write, 就可以启动一个可写的事务.
所以不能做到强制禁止用户或数据库为只读.
为了达到强制禁止一个普通用户的只读目的. 可以修改guc.c这部分定义, 将default_transaction_read_only和transaction_read_only设置为只有超级用户可以修改.
如下 : 
vi src/backend/utils/misc/guc.c

        {
                {"default_transaction_read_only", PGC_SUSET, CLIENT_CONN_STATEMENT,
                        gettext_noop("Sets the default read-only status of new transactions."),
                        GUC_SUPERUSER_ONLY,
                        NULL
                },
                &DefaultXactReadOnly,
                false,
                NULL, NULL, NULL
        },
        {
                {"transaction_read_only", PGC_SUSET, CLIENT_CONN_STATEMENT,
                        gettext_noop("Sets the current transaction's read-only status."),
                        NULL,
                        GUC_NO_RESET_ALL | GUC_NOT_IN_SAMPLE | GUC_DISALLOW_IN_FILE
                },
                &XactReadOnly,
                false,
                check_transaction_read_only, NULL, NULL
        },


重新编译. 并重启数据库.

gmake && gmake install
pg_ctl restart -m fast


测试是否生效 : 

pg93@db-172-16-3-150-> psql
psql (9.3.3)
Type "help" for help.
digoal=# alter database digoal set default_transaction_read_only=on;


测试default_transaction_read_only和begin read write是否对普通用户生效.

digoal=# \c digoal digoal
You are now connected to database "digoal" as user "digoal".
digoal=> create table abc(id int);
ERROR:  cannot execute CREATE TABLE in a read-only transaction
digoal=> \set VERBOSITY verbose
digoal=> begin read write;
ERROR:  42501: permission denied to set parameter "transaction_read_only"
LOCATION:  set_config_option, guc.c:5311
digoal=> set default_transaction_read_only=off;
ERROR:  42501: permission denied to set parameter "default_transaction_read_only"
LOCATION:  set_config_option, guc.c:5311
digoal=> set transaction_read_only=off;
ERROR:  42501: permission denied to set parameter "transaction_read_only"
LOCATION:  set_config_option, guc.c:5311



普通用户已经无法改这个参数值了, 所以现在对普通用户安全了.
使用普通用户连接未限制只读事务的其他数据库可以正常的读写.

postgres=# \c postgres digoal
postgres=> begin;
BEGIN
postgres=> create table test(id int);
CREATE TABLE
postgres=> end;
COMMIT


这几个参数, 超级用户不受限制.

digoal=# \c digoal postgres
You are now connected to database "digoal" as user "postgres".
digoal=# begin read write;
BEGIN
digoal=# create table test(id int);
CREATE TABLE
digoal=# end;
COMMIT


目的达到.

[参考]
1. http://www.postgresql.org/docs/9.3/static/sql-begin.html
2. src/backend/utils/misc/guc.c
Flag Counter
