PostgreSQL research

Check Your System's reliable write for usespace call (like fsync used in postgresql)

2014-04-21 10:41:13   查看原文>>

一般在我们使用的存储硬件环境中包含多个层面的缓存.
数据库缓存, 操作系统缓存, RAID卡缓存, 磁盘缓存. 数据库为了提供持久化的能力, 同时提供较高的性能, 引入了重做日志的概念, 也就是说在完成一笔交易之前, 必须确保重做日志已经写入到持久化的存储当中才可以, 这样即使异常DOWN机, 也能从重做日志中恢复数据到DOWN机前的状态, 不会造成数据丢失.
在PostgreSQL中这个功能交给wal日志来完成.
所以wal日志的写操作必须是到达持久化设备的, PostgreSQL支持多种fsync方法(只要操作系统支持).   例如 : 

#wal_sync_method = fsync                # the default is the first option
                                        # supported by the operating system:
                                        #   open_datasync
                                        #   fdatasync (default on Linux)
                                        #   fsync
                                        #   fsync_writethrough
                                        #   open_sync


但是这些接口是不是真正可靠, 还和你使用的环境有关, 例如在硬盘层面, 如果开启了硬盘的cache, 但是没有硬盘的电源保护的话, 断电后, 硬盘层面的CACHE就会丢失.
这里提供了一种测试系统中是否存在这种隐患的方法和程序, 是一位贡献值使用perl写的, 测试需要另一台服务端的支持.
代码的下载 : 
https://gist.github.com/bradfitz/3172656
1. 服务端开启一个监听
2. 客户端连接到这个监听, 并往本地设备中写入数据, 将写入数据状态传递给服务端.
3. 异常关闭客户端的机器(如断电)
4. 重启客户端的机器
5. 重新连接到服务端, 校验本地的文件和服务端记录的写操作是否一致.
例如 : 
1. 在服务端启动一个监听, 默认是5400端口, 如果这个端口被占据, 可以启动另一个端口.

[root@db-172-16-3-33 ~]# ./test.pl -l


2. 在被检测的客户端启动一个测试程序, 在要测试的块设备上创建一个文件, 指定文件的大小.

[root@db-172-16-3-150 ~]# df -h
Filesystem            Size  Used Avail Use% Mounted on
/dev/sdc1              29G  9.2G   19G  34% /
tmpfs                  48G     0   48G   0% /dev/shm
/dev/sdc3              98G   30G   64G  32% /opt
/dev/sdd1             183G   33G  142G  19% /ssd1
/dev/sda1             221G  7.9G  202G   4% /ssd3
/dev/sdb1             221G   36G  173G  18% /ssd4


mount -v|grep sda
/dev/sda1 on /ssd3 type ext4 (rw,noatime,nodiratime)



例如我这里要测试/dev/sda这个块设备

[root@db-172-16-3-150 ssd4]# ./test.pl -s 172.16.3.33 create /ssd3/test_file 500


测试过程中, 写操作会记录到服务端的文件中, 例如 : 

[root@db-172-16-3-33 ~]# less 172.16.3.150.diskchecker 
0       1       675424  11
1       1       213869  9
2       1       1094685 6
3       1       439115  24
4       1       380096  4
5       1       259825  11
6       1       985175  30



3. 在测试过程中, 关闭测试机的电源(这里指172.16.3.150), 这里关闭电源使用拔电源线的方式.

4. 重启172.16.3.150, 校验

[root@db-172-16-3-150 ssd4]# ./test.pl -s 172.16.3.33 verify /ssd3/test_file
 verifying: 0.00%
 verifying: 23.87%
 verifying: 66.38%
 verifying: 100.00%
Total errors: 0


errors=0表示没有数据丢失.
被检测的系统为CentOS 6.4 x64, 硬盘 OCZ Revodrive3

附/dev/sda1的块设备信息

[root@db-172-16-3-150 ~]# hdparm -I /dev/sda

/dev/sda:

ATA device, with non-removable media
        Model Number:       OCZ-REVODRIVE3                          
        Serial Number:      OCZ-Z2134R0TLQBNE659
        Firmware Revision:  2.15    
        Transport:          Serial, ATA8-AST, SATA 1.0a, SATA II Extensions, SATA Rev 2.5, SATA Rev 2.6, SATA Rev 3.0
Standards:
        Used: unknown (minor revision code 0x0110) 
        Supported: 8 7 6 5 
        Likely used: 8
Configuration:
        Logical         max     current
        cylinders       16383   16383
        heads           16      16
        sectors/track   63      63
        --
        CHS current addressable sectors:   16514064
        LBA    user addressable sectors:  468883199
        LBA48  user addressable sectors:  468883199
        Logical  Sector size:                   512 bytes
        Physical Sector size:                   512 bytes
        Logical Sector-0 offset:                  0 bytes
        device size with M = 1024*1024:      228946 MBytes
        device size with M = 1000*1000:      240068 MBytes (240 GB)
        cache/buffer size  = unknown
        Nominal Media Rotation Rate: Solid State Device
Capabilities:
        LBA, IORDY(can be disabled)
        Queue depth: 32
        Standby timer values: spec'd by Standard, no device specific minimum
        R/W multiple sector transfer: Max = 16  Current = 16
        Advanced power management level: 254
        DMA: mdma0 mdma1 mdma2 udma0 udma1 udma2 udma3 udma4 udma5 *udma6 
             Cycle time: min=120ns recommended=120ns
        PIO: pio0 pio1 pio2 pio3 pio4 
             Cycle time: no flow control=120ns  IORDY flow control=120ns
Commands/features:
        Enabled Supported:
           *    SMART feature set
                Security Mode feature set
           *    Power Management feature set
           *    Write cache
           *    Look-ahead
           *    Host Protected Area feature set
           *    WRITE_BUFFER command
           *    READ_BUFFER command
           *    NOP cmd
           *    DOWNLOAD_MICROCODE
           *    Advanced Power Management feature set
                Power-Up In Standby feature set
           *    SET_FEATURES required to spinup after power up
           *    48-bit Address feature set
           *    Mandatory FLUSH_CACHE
           *    FLUSH_CACHE_EXT
           *    SMART error logging
           *    SMART self-test
           *    General Purpose Logging feature set
           *    WRITE_{DMA|MULTIPLE}_FUA_EXT
           *    64-bit World wide name
           *    IDLE_IMMEDIATE with UNLOAD
                Write-Read-Verify feature set
           *    WRITE_UNCORRECTABLE_EXT command
           *    {READ,WRITE}_DMA_EXT_GPL commands
           *    Segmented DOWNLOAD_MICROCODE
           *    Gen1 signaling speed (1.5Gb/s)
           *    Gen2 signaling speed (3.0Gb/s)
           *    unknown 76[3]
           *    Native Command Queueing (NCQ)
           *    Host-initiated interface power management
           *    Phy event counters
           *    unknown 76[14]
           *    unknown 76[15]
                DMA Setup Auto-Activate optimization
                Device-initiated interface power management
           *    Software settings preservation
           *    SMART Command Transport (SCT) feature set
           *    SCT Data Tables (AC5)
           *    Data Set Management TRIM supported
           *    DOWNLOAD MICROCODE DMA command
           *    SET MAX SETPASSWORD/UNLOCK DMA commands
           *    WRITE BUFFER DMA command
           *    READ BUFFER DMA command
           *    Deterministic read after TRIM
Security: 
        Master password revision code = 65534
                supported
        not     enabled
        not     locked
        not     frozen
        not     expired: security count
        not     supported: enhanced erase
        2min for SECURITY ERASE UNIT. 
Logical Unit WWN Device Identifier: 5e83a97e827c316e
        NAA             : 5
        IEEE OUI        : e83a97
        Unique ID       : e827c316e
Checksum: correct



[参考]
1. https://gist.github.com/bradfitz/3172656
2. http://brad.livejournal.com/2116715.html
3. http://highperfpostgres.com/disk-plug-pull-testing/
4. http://momjian.us/main/writings/pgsql/hw_selection.pdf

Flag Counter
