PostgreSQL research

PostgreSQL auto truncate too long characters

2015-04-02 13:47:39   查看原文>>

在我们使用PostgreSQL变长字符串类型时, 如果输入的字符串长度超出定义的长度, 会报错.
如下 : 

postgres=# create table tbl(info varchar(6));
CREATE TABLE
postgres=# insert into tbl values ('aaaaaaaaaaa');
ERROR:  value too long for type character varying(6)
postgres=# \set VERBOSITY verbose
postgres=# insert into tbl values ('aaaaaaaaaaa');
ERROR:  22001: value too long for type character varying(6)
LOCATION:  varchar, varchar.c:623
postgres=# \q


那么有没有办法让它自动截断呢? 也就是说, 当长度超出时, 超出的部分截断掉, 只存储最长允许的部分.
需要修改一下代码

src/backend/utils/adt/varchar.c


报错部分对应的代码 : 

        if (!isExplicit)
        {
                for (i = maxmblen; i < len; i++)
                        if (s_data[i] != ' ')
                                ereport(ERROR,
                                                (errcode(ERRCODE_STRING_DATA_RIGHT_TRUNCATION),
                                          errmsg("value too long for type character varying(%d)",
                                                         maxlen)));
        }


修改如下, 截断, 并输出原值告警.

        if (!isExplicit)
        {
                for (i = maxmblen; i < len; i++)
                        if (s_data[i] != ' ')
                                {
                                                   s_data[len] = '\0';
                                  ereport(WARNING, 
                                                 (errcode(ERRCODE_STRING_DATA_RIGHT_TRUNCATION),
                                                 errmsg("value:%s too long for type character varying(%d)", s_data, maxlen)));
                                  s_data[i] = ' ';
                                  break;  
                                }
                                // ereport(ERROR,
                                //              (errcode(ERRCODE_STRING_DATA_RIGHT_TRUNCATION),
                                //        errmsg("value too long for type character varying(%d)",
                                //                       maxlen)));
        }   


重新编译,并重启数据库.

[root@db-172-16-3-150 postgresql-9.4.1]# pwd
/opt/soft_bak/postgresql-9.4.1
[root@db-172-16-3-150 postgresql-9.4.1]# gmake && gmake install
postgres@db-172-16-3-150-> pg_ctl restart -m fast
postgres@db-172-16-3-150-> psql
psql (9.4.1)
Type "help" for help.

postgres=# insert into tbl values ('aaaaaa aaaaaw');
WARNING:  value:aaaaaa aaaaaw too long for type character varying(6)
INSERT 0 1
postgres=# select * from tbl;
  info  
--------
 aaaaaa



但是, 不建议在生产环境这么搞, 需要这样的数据类型的话, 建议新建一个这样的数据类型, 不要直接修改varchar的代码.

[参考]
1. src/backend/utils/adt/varchar.c
Flag Counter
