PostgreSQL research

PostgreSQL VS Oracle Crash Recovery - 1

2011-01-13 8:21:46   查看原文>>

测试环境：
PostgreSQL和Oracle处于同一台物理机,测试Oracle时关闭PostgreSQL,反之亦然。
为达到比较一致的效果，测试完都执行一把checkpoint. 数据文件处于同一文件系统下面.
测试机: CentOS 5.2 x64
146G硬盘 16G内存
Oracle : 10.2.0.4 X64
PostgreSQL : 9.0.2  编译安装
测试过程:
执行事务,不提交
shutdown abort 或 pg_ctl stop -m immediate
启动，
恢复期间,连接数据库，执行事务,并观察日志,
并行恢复的话应该不会干扰新执行事务请求，非并行恢复将干扰新事物请求或干扰连接请求。(oracle update场景看出并行恢复的迹象,很遗憾的是影响太大,并且Oracle恢复时间太长了。)
测试结果:
PostgreSQL VS Oracle Crash Recovery - 1 - 德哥@Digoal - The Heart,The World.
 
PostgreSQL 领先 Oracle不是一个数量级。包括回收空间的速度也不如PostgreSQL,详细参见如下报告

测试表:
create table test.tbl_test (id int,firstname varchar(32),lastname varchar(32),corp varchar(32),age int,create_time timestamp without time zone ,info varchar(128));

SQL> create table test.tbl_test (id int,firstname varchar2(32),lastname varchar2(32),corp varchar2(32),age int,create_time date ,info varchar2(128)) tablespace tbs_test;
postgresql变长的单位为字符,Oracle的变长单位为字节,除非使用nvarchar2。

操作系统配置:
net.ipv4.ip_forward = 0
net.ipv4.conf.default.rp_filter = 1
net.ipv4.conf.default.accept_source_route = 0
kernel.sysrq = 0
kernel.core_uses_pid = 1
net.ipv4.tcp_syncookies = 1
kernel.msgmnb = 65536
kernel.msgmax = 65536
kernel.shmmax = 68719476736
kernel.shmall = 4294967296
kernel.shmmni = 4096
kernel.sem = 5010 641280 5010 128
fs.file-max = 1587056
net.ipv4.ip_local_port_range = 1024 65000
net.core.rmem_default = 1048576
net.core.rmem_max = 1048576
net.core.wmem_default = 262144
net.core.wmem_max = 262144

*  soft    nofile  131072
*  hard    nofile  131072
*  soft    nproc   131072
*  hard    nproc   131072
*  soft    core    unlimited
*  hard    core    unlimited
*  soft    memlock 50000000
*  hard    memlock 50000000

PostgreSQL 详细配置：
configure --prefix=/app/pgsql --with-pgport=1921 --with-segsize=8 --with-wal-segsize=64 --with-perl --with-python --with-openssl --with-pam --with-ldap --with-libxml --with-libxslt --enable-thread-safety
gmake
gmake install-world
initdb -D /home/postgres/pgdata -E UTF8 --locale=C -U postgres -W

listen_addresses = '*'          # what IP address(es) to listen on;
port = 1921                             # (change requires restart)
max_connections = 2000                  # (change requires restart)
superuser_reserved_connections = 13     # (change requires restart)
unix_socket_directory = '/home/postgres/pgdata'         # (change requires restart)
unix_socket_permissions = 0700          # begin with 0 to use octal notation
password_encryption = on
shared_buffers = 8192MB                 # min 128kB
maintenance_work_mem = 2048MB           # min 1MB
max_stack_depth = 8MB                   # min 100kB
max_files_per_process = 80000           # min 25
synchronous_commit = off                # immediate fsync at commit
wal_sync_method = open_sync             # the default is the first option
wal_buffers = 12800kB                   # min 32kB
wal_writer_delay = 20ms                 # 1-10000 milliseconds
checkpoint_segments = 32                # in logfile segments, min 1, 16MB each
checkpoint_timeout = 5min               # range 30s-1h
effective_cache_size = 15000MB
constraint_exclusion = partition        # on, off, or partition
log_destination = 'csvlog'              # Valid values are combinations of
logging_collector = on          # Enable capturing of stderr and csvlog
log_directory = '/var/applog/pg_log'            # directory where log files are written,
log_filename = 'postgresql-%Y-%m-%d_%H%M%S.log' # log file name pattern,
log_truncate_on_rotation = on           # If on, an existing log file of the
log_rotation_age = 1d                   # Automatic rotation of logfiles will
log_rotation_size = 10MB                # Automatic rotation of logfiles will
log_min_duration_statement = 500ms      # -1 is disabled, 0 logs all statements
log_checkpoints = on
log_lock_waits = on                     # log lock waits >= deadlock_timeout
log_statement = 'ddl'                   # none, ddl, mod, all
autovacuum = on                 # Enable autovacuum subprocess?  'on'
log_autovacuum_min_duration = 0 # -1 disables, 0 logs all actions and
bytea_output = 'escape'                 # hex, escape
datestyle = 'iso, mdy'
lc_messages = 'C'                       # locale for system error message
lc_monetary = 'C'                       # locale for monetary formatting
lc_numeric = 'C'                        # locale for number formatting
lc_time = 'C'                           # locale for time formatting
default_text_search_config = 'pg_catalog.english'
deadlock_timeout = 1s

Oracle详细配置:
*.audit_file_dest='/app/oracle/admin/skyoss/adump'
*.background_dump_dest='/app/oracle/admin/skyoss/bdump'
*.compatible='10.2.0.3.0'
*.control_files='/home/oracle/oradata/skyoss/control01.ctl','/home/oracle/oradata/skyoss/control02.ctl','/home/oracle/oradata/skyoss/control03.ctl'
*.core_dump_dest='/app/oracle/admin/skyoss/cdump'
*.db_block_size=8192
*.db_domain=''
*.db_file_multiblock_read_count=16
*.db_name='skyoss'
*.dispatchers=''
*.job_queue_processes=10
*.local_listener='LISTENER_SKYOSS'
*.open_cursors=300
*.pga_aggregate_target=1672478720
*.processes=1500
*.remote_login_passwordfile='EXCLUSIVE'
*.sessions=1655
*.sga_target=8589934592
*.undo_management='AUTO'
*.undo_tablespace='UNDOTBS1'
*.user_dump_dest='/app/oracle/admin/skyoss/udump'

PostgreSQL测试 :
mkdir /home/postgres/pgdata/tbs_test
create role test nosuperuser nocreatedb nocreaterole noinherit login encrypted password 'test' ;
create tablespace tbs_test owner test location '/home/postgres/pgdata/tbs_test';
create database test with owner test template template0 encoding 'UTF8' tablespace tbs_test;
test=> create schema test authorization test;

插入
\c test test
create table test.tbl_test (id int,firstname varchar(32),lastname varchar(32),corp varchar(32),age int,create_time timestamp without time zone ,info varchar(128));
\c test postgres
\timing
begin;
test=> insert into test.tbl_test (id,firstname,lastname,corp,age,create_time,info) select generate_series(1,10000000) ,'zhou','digoal','sky-mobi',27,now(),'abcdefghijklmnopqrstuvwxyz09876543211234567890poiuytrewqasdfghmjuiklopff';
INSERT 0 10000000
Time: 58547.378 ms
test=> select pg_total_relation_size('tbl_test')/1024/1024;
 ?column?
----------
     1420
(1 row)

另一个SESSION
another session:
\c test postgres
test=# checkpoint;
CHECKPOINT
Time: 23801.397 ms
\c test test
test=> insert into test.tbl_test (id,firstname,lastname,corp,age,create_time,info) select 999999999,'zhou','digoal','sky-mobi',27,now(),'abcdefghijklmnopqrstuvwxyz09876543211234567890poiuytrewqasdfghmjuiklopff';
INSERT 0 1
commit;
呆会可以看到提交的事务在恢复后是存在的。

另一个SHELL，异常关闭数据库，模拟crash
postgres@db5-> pg_ctl stop -m immediate -D /home/postgres/pgdata
waiting for server to shut down.... done
# 模式解释 Immediate mode will abort all server processes without a clean shutdown. This will lead to a recovery run on restart.

开机，查看恢复日志
[root@db5 ~]# pgctl.sh start
[root@db5 ~]# su - postgres
postgres@db5-> psql -h 127.0.0.1 test test
(在恢复阶段将阻止登录,不过恢复时间比仅0.1秒,基本上不会有机会被阻止,恢复时间和checkpoint以及磁盘IO性能相关.)
psql: FATAL:  the database system is starting up

2011-01-13 11:26:57.030 CST,,,30962,,4d2e7101.78f2,1,,2011-01-13 11:26:57 CST,,0,LOG,00000,"database system was interrupted; last known up at 2011-01-13 11:26:18 CST",,,,,,,,,""
2011-01-13 11:26:57.031 CST,,,30962,,4d2e7101.78f2,2,,2011-01-13 11:26:57 CST,,0,LOG,00000,"database system was not properly shut down; automatic recovery in progress",,,,,,,,,""
2011-01-13 11:26:57.064 CST,,,30962,,4d2e7101.78f2,3,,2011-01-13 11:26:57 CST,,0,LOG,00000,"consistent recovery state reached at 4/67404778",,,,,,,,,""
2011-01-13 11:26:57.064 CST,,,30962,,4d2e7101.78f2,4,,2011-01-13 11:26:57 CST,,0,LOG,00000,"record with zero length at 4/67404778",,,,,,,,,""
2011-01-13 11:26:57.064 CST,,,30962,,4d2e7101.78f2,5,,2011-01-13 11:26:57 CST,,0,LOG,00000,"redo is not required",,,,,,,,,""
2011-01-13 11:26:57.073 CST,,,30962,,4d2e7101.78f2,6,,2011-01-13 11:26:57 CST,,0,LOG,00000,"checkpoint starting: end-of-recovery immediate",,,,,,,,,""
2011-01-13 11:26:57.136 CST,,,30962,,4d2e7101.78f2,7,,2011-01-13 11:26:57 CST,,0,LOG,00000,"checkpoint complete: wrote 0 buffers (0.0%); 0 transaction log file(s) added, 0 removed, 26 recycled; write=0.047 s, sync=0.000 s, total=0.072 s",,,,,,,,,""
2011-01-13 11:26:57.149 CST,,,30965,,4d2e7101.78f5,1,,2011-01-13 11:26:57 CST,,0,LOG,00000,"autovacuum launcher started",,,,,,,,,""
2011-01-13 11:26:57.150 CST,,,30960,,4d2e7100.78f0,1,,2011-01-13 11:26:56 CST,,0,LOG,00000,"database system is ready to accept connections",,,,,,,,,""
恢复时间约0.1秒

test=> select pg_total_relation_size('tbl_test')/1024/1024;
 ?column?
----------
     1420
(1 row)

test=> select * from tbl_test ;
    id     | firstname | lastname |   corp   | age |        create_time         |                                   info           
                      
-----------+-----------+----------+----------+-----+----------------------------+---------------------------------------------------
-----------------------
 999999999 | zhou      | digoal   | sky-mobi |  27 | 2011-01-13 09:42:37.703759 | abcdefghijklmnopqrstuvwxyz09876543211234567890poiu
ytrewqasdfghmjuiklopff
(1 row)
可以看到，提交的事务已经恢复,
回收空间测试:
test=> vacuum verbose tbl_test;
INFO:  vacuuming "test.tbl_test"
INFO:  "tbl_test": removed 10000000 row versions in 181819 pages
INFO:  "tbl_test": found 10000000 removable, 0 nonremovable row versions in 181819 out of 181819 pages
DETAIL:  0 dead row versions cannot be removed yet.
There were 0 unused item pointers.
0 pages are entirely empty.
CPU 3.10s/3.68u sec elapsed 63.32 sec.
INFO:  "tbl_test": truncated 181819 to 0 pages
DETAIL:  CPU 1.21s/0.30u sec elapsed 1.53 sec.
VACUUM
test=> select pg_total_relation_size('tbl_test')/1024/1024;
 ?column?
----------
        0
(1 row)

# 重新插入1kw记录测试update
test=> begin;
BEGIN
Time: 0.156 ms
test=> update tbl_test  set info='fefeabcdefghijklmnopqrstuvwxyz09876543211234567890poiuytrewqasdfghmjuiklopff' ;
UPDATE 10000000
Time: 129763.739 ms

another session:
\c test postgres
test=# checkpoint;
CHECKPOINT

postgres@db5-> pg_ctl stop -m immediate -D /home/postgres/pgdata
waiting for server to shut down.... done

pgctl.sh start

2011-01-13 11:42:44.230 CST,,,31383,,4d2e74b4.7a97,1,,2011-01-13 11:42:44 CST,,0,LOG,00000,"database system was interrupted; last known up at 2011-01-13 11:42:22 CST",,,,,,,,,""
2011-01-13 11:42:44.236 CST,,,31383,,4d2e74b4.7a97,2,,2011-01-13 11:42:44 CST,,0,LOG,00000,"database system was not properly shut down; automatic recovery in progress",,,,,,,,,""
2011-01-13 11:42:44.267 CST,,,31383,,4d2e74b4.7a97,3,,2011-01-13 11:42:44 CST,,0,LOG,00000,"consistent recovery state reached at 5/A0B9AE30",,,,,,,,,""
2011-01-13 11:42:44.267 CST,,,31383,,4d2e74b4.7a97,4,,2011-01-13 11:42:44 CST,,0,LOG,00000,"record with zero length at 5/A0B9AE30",,,,,,,,,""
2011-01-13 11:42:44.267 CST,,,31383,,4d2e74b4.7a97,5,,2011-01-13 11:42:44 CST,,0,LOG,00000,"redo is not required",,,,,,,,,""
2011-01-13 11:42:44.275 CST,,,31383,,4d2e74b4.7a97,6,,2011-01-13 11:42:44 CST,,0,LOG,00000,"checkpoint starting: end-of-recovery immediate",,,,,,,,,""
2011-01-13 11:42:44.365 CST,,,31383,,4d2e74b4.7a97,7,,2011-01-13 11:42:44 CST,,0,LOG,00000,"checkpoint complete: wrote 0 buffers (0.0%); 0 transaction log file(s) added, 11 removed, 7 recycled; write=0.047 s, sync=0.000 s, total=0.098 s",,,,,,,,,""
2011-01-13 11:42:44.378 CST,,,31386,,4d2e74b4.7a9a,1,,2011-01-13 11:42:44 CST,,0,LOG,00000,"autovacuum launcher started",,,,,,,,,""
2011-01-13 11:42:44.379 CST,,,31381,,4d2e74b3.7a95,1,,2011-01-13 11:42:43 CST,,0,LOG,00000,"database system is ready to accept connections",,,,,,,,,""

恢复时间约0.1秒

test=> select pg_total_relation_size('tbl_test')/1024/1024;
 ?column?
----------
     2841
(1 row)

test=> vacuum verbose analyze tbl_test;
INFO:  vacuuming "test.tbl_test"
INFO:  "tbl_test": removed 9999990 row versions in 181819 pages
INFO:  "tbl_test": found 9999990 removable, 10000000 nonremovable row versions in 363637 out of 363637 pages
DETAIL:  0 dead row versions cannot be removed yet.
There were 0 unused item pointers.
0 pages are entirely empty.
CPU 4.04s/6.13u sec elapsed 58.85 sec.
INFO:  "tbl_test": truncated 363637 to 181819 pages
DETAIL:  CPU 0.88s/0.32u sec elapsed 1.21 sec.
INFO:  analyzing "test.tbl_test"
INFO:  "tbl_test": scanned 30000 of 181819 pages, containing 1650000 live rows and 0 dead rows; 30000 rows in sample, 10000045 estimated total rows
VACUUM
test=> select pg_total_relation_size('tbl_test')/1024/1024;
 ?column?
----------
     1420
(1 row)

# 测试delete

test=> begin;
BEGIN
Time: 0.146 ms
test=> delete from tbl_test;
DELETE 10000000
Time: 42590.051 ms

another session :

postgres@db5-> psql -h 127.0.0.1 test postgres
psql (9.0.2)
Type "help" for help.

test=# checkpoint;
CHECKPOINT

postgres@db5-> pg_ctl stop -m immediate -D /home/postgres/pgdata
waiting for server to shut down.... done

pgctl.sh start


2011-01-13 12:23:55.125 CST,,,32448,,4d2e7e5b.7ec0,1,,2011-01-13 12:23:55 CST,,0,LOG,00000,"database system was interrupted; last known up at 2011-01-13 12:23:17 CST",,,,,,,,,""
2011-01-13 12:23:55.132 CST,,,32448,,4d2e7e5b.7ec0,2,,2011-01-13 12:23:55 CST,,0,LOG,00000,"database system was not properly shut down; automatic recovery in progress",,,,,,,,,""
2011-01-13 12:23:55.159 CST,,,32448,,4d2e7e5b.7ec0,3,,2011-01-13 12:23:55 CST,,0,LOG,00000,"consistent recovery state reached at 6/24913128",,,,,,,,,""
2011-01-13 12:23:55.159 CST,,,32448,,4d2e7e5b.7ec0,4,,2011-01-13 12:23:55 CST,,0,LOG,00000,"record with zero length at 6/24913128",,,,,,,,,""
2011-01-13 12:23:55.159 CST,,,32448,,4d2e7e5b.7ec0,5,,2011-01-13 12:23:55 CST,,0,LOG,00000,"redo is not required",,,,,,,,,""
2011-01-13 12:23:55.168 CST,,,32448,,4d2e7e5b.7ec0,6,,2011-01-13 12:23:55 CST,,0,LOG,00000,"checkpoint starting: end-of-recovery immediate",,,,,,,,,""
2011-01-13 12:23:55.229 CST,,,32448,,4d2e7e5b.7ec0,7,,2011-01-13 12:23:55 CST,,0,LOG,00000,"checkpoint complete: wrote 0 buffers (0.0%); 0 transaction log file(s) added, 0 removed, 31 recycled; write=0.048 s, sync=0.000 s, total=0.070 s",,,,,,,,,""
2011-01-13 12:23:55.242 CST,,,32451,,4d2e7e5b.7ec3,1,,2011-01-13 12:23:55 CST,,0,LOG,00000,"autovacuum launcher started",,,,,,,,,""
2011-01-13 12:23:55.243 CST,,,32446,,4d2e7e5a.7ebe,1,,2011-01-13 12:23:54 CST,,0,LOG,00000,"database system is ready to accept connections",,,,,,,,,""

恢复时间约0.1秒

test=> select pg_total_relation_size('tbl_test')/1024/1024;
 ?column?
----------
     1420
(1 row)

test=> vacuum verbose analyze tbl_test;
INFO:  vacuuming "test.tbl_test"
INFO:  "tbl_test": found 0 removable, 10000000 nonremovable row versions in 181819 out of 181819 pages
DETAIL:  0 dead row versions cannot be removed yet.
There were 45 unused item pointers.
0 pages are entirely empty.
CPU 1.82s/2.29u sec elapsed 4.11 sec.
INFO:  analyzing "test.tbl_test"
INFO:  "tbl_test": scanned 30000 of 181819 pages, containing 1650000 live rows and 0 dead rows; 30000 rows in sample, 10000045 estimated total rows
VACUUM
test=> select pg_total_relation_size('tbl_test')/1024/1024;
 ?column?
----------
     1420
(1 row)

# 来个更狠的truncate


test=> \timing
Timing is on.
test=> begin;
BEGIN
Time: 0.068 ms
test=> truncate table tbl_test;
TRUNCATE TABLE
Time: 0.592 ms

another session :

postgres@db5-> psql -h 127.0.0.1 test postgres
psql (9.0.2)
Type "help" for help.

test=# checkpoint;
CHECKPOINT

postgres@db5-> pg_ctl stop -m immediate -D /home/postgres/pgdata
waiting for server to shut down.... done

pgctl.sh start

2011-01-13 12:26:52.816 CST,,,32559,,4d2e7f0c.7f2f,1,,2011-01-13 12:26:52 CST,,0,LOG,00000,"database system was interrupted; last known up at 2011-01-13 12:26:37 CST",,,,,,,,,""
2011-01-13 12:26:52.816 CST,,,32559,,4d2e7f0c.7f2f,2,,2011-01-13 12:26:52 CST,,0,LOG,00000,"database system was not properly shut down; automatic recovery in progress",,,,,,,,,""
2011-01-13 12:26:52.841 CST,,,32559,,4d2e7f0c.7f2f,3,,2011-01-13 12:26:52 CST,,0,LOG,00000,"consistent recovery state reached at 6/249173D8",,,,,,,,,""
2011-01-13 12:26:52.841 CST,,,32559,,4d2e7f0c.7f2f,4,,2011-01-13 12:26:52 CST,,0,LOG,00000,"record with zero length at 6/249173D8",,,,,,,,,""
2011-01-13 12:26:52.841 CST,,,32559,,4d2e7f0c.7f2f,5,,2011-01-13 12:26:52 CST,,0,LOG,00000,"redo is not required",,,,,,,,,""
2011-01-13 12:26:52.850 CST,,,32559,,4d2e7f0c.7f2f,6,,2011-01-13 12:26:52 CST,,0,LOG,00000,"checkpoint starting: end-of-recovery immediate",,,,,,,,,""
2011-01-13 12:26:52.913 CST,,,32559,,4d2e7f0c.7f2f,7,,2011-01-13 12:26:52 CST,,0,LOG,00000,"checkpoint complete: wrote 0 buffers (0.0%); 0 transaction log file(s) added, 0 removed, 0 recycled; write=0.048 s, sync=0.000 s, total=0.071 s",,,,,,,,,""
2011-01-13 12:26:52.927 CST,,,32562,,4d2e7f0c.7f32,1,,2011-01-13 12:26:52 CST,,0,LOG,00000,"autovacuum launcher started",,,,,,,,,""
2011-01-13 12:26:52.928 CST,,,32557,,4d2e7f0c.7f2d,1,,2011-01-13 12:26:52 CST,,0,LOG,00000,"database system is ready to accept connections",,,,,,,,,""


test=> select pg_total_relation_size('tbl_test')/1024/1024;
 ?column?
----------
     1420
(1 row)

test=> vacuum verbose analyze tbl_test;
INFO:  vacuuming "test.tbl_test"
INFO:  "tbl_test": found 0 removable, 1705 nonremovable row versions in 31 out of 181819 pages
DETAIL:  0 dead row versions cannot be removed yet.
There were 0 unused item pointers.
0 pages are entirely empty.
CPU 0.00s/0.00u sec elapsed 0.00 sec.
INFO:  analyzing "test.tbl_test"
INFO:  "tbl_test": scanned 30000 of 181819 pages, containing 1650000 live rows and 0 dead rows; 30000 rows in sample, 10000045 estimated total rows
VACUUM
test=> select pg_total_relation_size('tbl_test')/1024/1024;
 ?column?
----------
     1420
(1 row)

Oracle的测试参考第二部分

评论

Winder - 2015-01-12 15:00:50

您好，我在主从备份的时候碰到一些问题。能否加您的qq咨询下呢。

德哥@Digoal 回复 Winder - 2015-01-12 15:00:50

好的,或者给我发邮件  digoal@126.com
