PostgreSQL research

Linux Serial Console Configure

2010-09-03 12:45:36   查看原文>>

CONSOLE，即控制台，是系统输出管理信息的字符输出设备，这些管理信息是由内核产生，比如系统日志、告警信息等。Linux下默认的控制台就是键盘和显示器，而一些老式的SUN、HP、IBM服务器则使用串行口接Text Terminal[1]（字符终端,如著名的DEC的VT100）作为控制台，这也是这次将要介绍的方式。
　　字符终端在大型机时代用得比较多，一个大型机通常联接许多终端，每个终端没有处理能力，只是简单地用键盘输入和从屏幕输出结果，处理过程都是由大型机完成。字符终端屏幕多为黑白字符型的，不具备图形显示功能。这里介绍的Text Terminal和大型机的终端是一样的，只不过市场上早就没有新的终端设备了，现在都是通过应用程序模拟一个终端，叫
虚拟终端，如WINDOWS的超级终端就是常用的一个虚拟终端程序，在管理工作站上用打开超级终端（使用正确的速率），就相当于一个终端了。
　　这种通过串行口实行CONSOLE功能是广泛使用的，如CISCO的路由器，都是通过这种方式进行设备的管理，小小的一条CONSOLE线就相当于一台PC的显示器加键盘，这无疑为路由器省下了许多不必要的配件，而事实上部分CISCO的设备就是一台PC，如思科PIX515防火墙，只要你插上一块PCI的显卡到PCI槽，接上显示器，按下PIX的开关，你就可以看到一台BX主板
、奔腾II代350MHZ处理器、128M内存电脑的启动信息，和一台普通电脑启动是没有任何区别的。当PIX完成自检后，控制台就转到CONSOLE口上了，而那个RJ45接口的CONSOLE口，其实就是一个COM口，只是接口形式不是9针D形口而己。

前提条件：
1. 首先要了解被管理的LINUX服务器是否具备通过COM口管理的硬件条件：需要通过COM来管理的话，首先当然是需要有COM口。通过以下命令查看
[root@test ~]# dmesg|grep tty
serial8250: ttyS0 at I/O 0x3f8 (irq = 4) is a 16550A
serial8250: ttyS1 at I/O 0x2f8 (irq = 3) is a 16550A
00:0b: ttyS0 at I/O 0x3f8 (irq = 4) is a 16550A
[root@test ~]# setserial -g /dev/ttyS0
/dev/ttyS0, UART: 16550A, Port: 0x03f8, IRQ: 4
[root@test ~]# setserial -g /dev/ttyS1
/dev/ttyS1, UART: 16550A, Port: 0x02f8, IRQ: 3
/dev/ttyS0对应COM1
/dev/ttyS0对应COM2

2. 制作两个DTE设备互联的COM互联线，也被称为null modem线（可以参考http://www.nullmodem.com/）
制作方法参考：
两台电脑要用COM口互联起来需要一种"NULL MODEM CABLE"，"NULL MODEM CABLE"直译过来大致是"交叉MODEM线"，和网线的交叉线意思相近，这是用来"背靠背"联接两个DTE设备的，两头都是9针D型母接头，分别插入管理工作站和服务器的COM口中，为了方便标识建议都接第一个COM口。这种线可以自己制作，也可以去电脑城买，最方便的是有CISCO的标准CONSOLE
线加RJ45转9针D型母接头的转接头(部件号74-0495-01)，可以直接使用。自己制作可以参考以下的线序：
缩写引脚定义方向引脚定义 
Common Null-Modem Connection

Signal Name DB-25 Pin DB-9 Pin DB-9 Pin DB-25 Pin  
FG (Frame Ground) 1 - X - 1 FG
TD (Transmit Data) 2 3 - 2 3 RD
RD (Receive Data) 3 2 - 3 2 TD
RTS (Request To Send) 4 7 - 8 5 CTS
CTS (Clear To Send) 5 8 - 7 4 RTS
SG (Signal Ground) 7 5 - 5 7 SG
DSR (Data Set Ready) 6 6 - 4 20 DTR
CD (Carrier Detect) 8 1 - 4 20 DTR
DTR (Data Terminal Ready) 20 4 - 1 8 CD
DTR (Data Terminal Ready) 20 4 - 6 6 DSR
　　制作时需要把Txd与Rxd、CTS与RTS、GND与GND、DTR与DSR&DCD交叉相联，DSR&DCD表示这两个引脚串联在一起作为一个引脚信号。更多的详细介绍参见http://www.nullmodem.com/。
3. 测试线的连通性
(我这里没有自己做线，而是直接使用了一根F5设备上的B9-B9双母头连接线)
管理工作站和服务器接上交叉线后，可以简单地来测试一下这条线是否起作用。
echo '1'>/dev/ttyS0(需要ROOT权限)，在管理工作站超级终端里观察是否能收到数字1，如果能收到就表明联接无问题。如果不能收到则要在服务器上检查一下各信号引脚是否正确。
4. 设置POST。
这是很多电脑都无法实现的功能，这主要取决于主板BIOS是否支持。POST（Power On Self Test）即我们通常说的自检，我们可以看到系统的基本信息及检查过程，当然也有可能有出错的提示信息及相应的处理提示，有一些型号的服务器主板（如INTEL原装NL440BX）可以将POST重定向到COM口，这样我们可以接一个终端在COM口上便能看到POST过程，当然也可以
通过终端操作，完全不需要键盘和显示器。可惜一般情况下我们的主板并不支持这项功能，但是没有关系，我们可以先设定好BIOS参数（Halt On 设置为None）忽略无关紧要的出错信息，让每次系统自检都顺利通过，这样系统便能顺利进入硬盘启动了。
5. 重定向grub
编辑/etc/grub.conf文件实现启动GRUB后的输出定向到serial口。
截取被修改的部分:《serial --unit=0 --speed=38400
terminal --timeout=10 --lines=48 serial console》
hiddenmenu
serial --unit=0 --speed=38400
terminal --timeout=10 --lines=48 serial console
title Red Hat Enterprise Linux Server (2.6.18-164.el5)

6. 重定向CONSOLE
编辑/etc/grub.conf文件。
截取被修改的部分: 《console=ttyS0,38400》
        root (hd0,0)
        kernel /boot/vmlinuz-2.6.18-164.el5 ro root=LABEL=/ rhgb quiet console=ttyS0,38400
        initrd /boot/initrd-2.6.18-164.el5.img

7. 开启ttyS0登陆
Linux启动时的信息都是由KERNEL显示的，缺省情况下启动完毕了后init再运行mingetty来提供6个虚拟终端来登陆系统，这可以在/etc/inittab文件中清楚地看到。其实login和内核是没有关系的，所以如果只是在内核中加入参数使其能从COM口交互式地操作并不代表能从超级终端登录系统，我们需要另外运行一个提供从串口登录能力的程序，这个程序就是
agetty，它是属于util-Linux软件包中的一员，大家可以参考其man手册页以获得更多的信息。在服务器的/etc/inittab文件中添加如下：
# Run agetty on COM1/ttyS0 and COM2/ttyS1
s0:2345:respawn:/sbin/agetty -L -f /etc/issueserial 38400 ttyS0 vt100
s1:2345:respawn:/sbin/agetty -L -f /etc/issueserial 38400 ttyS1 vt100
新建或编辑文件/etc/issueserial,其实不编辑的话默认用的是/etc/issue
Red Hat Enterprise Linux Server release 5.4 (Tikanga)
Kernel \r on an \m
Connected on \l at \b bps
\U
让系统重载/etc/inittab
[root@test ~]# init q
[root@test ~]# ps -efw|grep ttyS1
root      2626     1  0 12:32 ttyS1    00:00:00 /sbin/agetty -L -f /etc/issueserial 38400 ttyS1 vt100

8. 让root可以从ttyS*登录
[root@test ~]# vi /etc/securetty 
加入两行
ttyS0
ttyS1

登录测试:
使用做好的线连接到服务器的COM口和笔记本上面，打开WINXP的超级终端（LINUX下面有MINICOM），配置速率与服务器上的速率匹配38400,其他的默认.
会提升如下:
Red Hat Enterprise Linux Server release 5.4 (Tikanga)
Kernel 2.6.18-164.el5 on an x86_64
Connected on ttyS0 at 38400 bps
0 users
test.sky-mobi.com login: 

重启测试:
同时连接服务器的显示器和COM口控制器
在输出GRUB界面一起，COM这边应为没有配置POST所以无法显示，GRUB界面出来以后的信息COM这边就能接收到了，这符合我们前面的配置。
同时由于我们配置了serial和console同时输出，所以当出现grub的时候serial和console同时打印
Press any key to continue.
10秒后自动启动。这和我们的配置也符合，同时可以参考后面的GRUB serial配置看看详细的说明。
然后的话就是COM口的输出，显示器直到LOGIN出现都没有输出了。并且有一种情况，如果在/etc/grub.conf的terminal --timeout=10 --lines=48 serial console只写了SERIAL而没写CONSOLE(terminal --timeout=10 --lines=48 serial)，那显示器是卡在那里不会动的，就好象死机一样，其实这个时候只有COM口接收指令了。所以容易造成误导。

9. 其他网友的一些经验
　　COM口的传输距离有限制，普通的线缆只有15米的有效距离，建议使用5类双绞线，可以扩展到50米仍能正常操作；
　　如果服务器长时间开着的话，最好每次都使用exit退出该终端，因为如果不退出来的话，下次再登陆可能会出现输入乱码导致终端不可用等问题，而在登录提示符下输入乱码则无关紧要,记得在某些存储的控制器上出现过，然后就是不退出的话可能导致不用登录验证，还是有安全隐患的；
　　如果你是通过这种方法管理一台实际24X7开着的服务器的话，你可能会有时发现在终端中按回车没有任何反映，有一种可能性就是系统在停电后再开机出现不能启动NFS和sendmail之类的服务，就这样卡在那里死锁住了，这在电源不稳定的情况下尤其多见，所以一定要给你的Linux服务器接上UPS不间断电源，或者在系统BIOS里设置断电后不再启动系统(如果
它不是太重要的话)，在这种情况下只有按键盘重新启动或者直接断电再重新启动一次，检查启动过程到底发生了什么事情，一般只需要检查一遍硬盘就没有问题了；
　　如果你的ttyS0出现乱码没有办法使用的话，可以尝试着从网络登陆，把/etc/inittab中ttyS0那一行注释，使用"init q"命令停止通过inittab启动的agetty，然后再重新取消/etc/inittab中的注释，再次"init q"命令启动agetty，不出意外就能恢复正常了。

10. 使用serial console的其他场景
Systems administration of remote computers
Linux is a good operating system for deployment at unstaffed sites. Linux is also good for hosting critical network infrastructure such as DNS and DHCP services. These services are generally installed at every site of an organisation including sites which may be too small or too remote to have information technology
staff.

System administration of these remote computers is usually done using SSH, but there are times when access to the console is the only way to diagnose and correct software failures. Major upgrades to the installed distribution may also require console access.

In these cases the serial console is attached to a modem. Access to the console is gained from a remote computer by dialing into the modem. This allows the console to be reached from any telephone socket.

High density racks of computers
Clusters of personal computers can outperform mainframe computers and form competitive supercomputers for some applications. See the Cluster-HOWTO for more information on clustering.

These clusters are typically assembled into 19 inch telecommunications equipment racks and the system unit of each computer is typically one rack unit (or 1.75 inches) tall. It is not desirable to put a keyboard and monitor on each computer, as a small cathode ray tube monitor would consume the space used by sixteen
rack units.

A first glance it seems that a monitor and keyboard switch is the best solution. However the VGA signal to the monitor is small, so even with the switch the monitor cannot be placed very far away from the rack of computers.

It is desirable to allow the consoles to be monitored in the operators' room of the computer center, rather than in the very expensive space of the machine room. Although monitor switches with remote control and fiber optical extensions are available, this solution can be expensive.

A standard RS-232 cable can be 15 meters in length. Longer distances are easily possible. The cabling is cheap. Terminal servers can be used to allow one terminal to access up to 90 serial consoles.

Recording console messages
This is useful in two very different cases.

Kernel programmers are often faced with a kernel error message that is displayed a split second before the computer reboots. A serial console can be used to record that message. Another Linux machine can be used as the serial terminal.

Some secure installations require all security events to be unalterably logged. One way to meet this requirement is to print all console messages. Connecting the serial console to a serial printer can achieve this.[1]

Embedded software development
Linux is increasingly being used as an operating system for embedded applications. These computers do not have keyboards or screens.

A serial port is a cheap way to allow software developers to directly access the embedded computer. This is invaluable for debugging. Most chip sets designed for embedded computers have a serial port precisely for this purpose.

The shipping product need not present the RS-232 port on an external connector. Alternatively the RS-232 port is often used for downloading software updates.

Craft terminal for telecommunications equipment
Linux is increasingly being used as the operating system inside telecommunications equipment. The Carrier Grade Linux consortia hopes to accelerate and coordinate this trend.

Most telecommunications equipment is remotely managed from a distant computer. However, site technicans (called craft personnel in telco-speak) need to access the equipment to test installation changes, check the status of reported faults, and so on. The terminal used by the craft personnel is called the craft
terminal. The craft terminal plugs into the craft interface on the equipment. The serial console makes an ideal craft interface.

11. 备注：命令参考
7 Using GRUB via a serial line
******************************

This chapter describes how to use the serial terminal support in GRUB.

   If you have many computers or computers with no display/keyboard, it
could be very useful to control the computers through serial
communications. To connect one computer with another via a serial line,
you need to prepare a null-modem (cross) serial cable, and you may need
to have multiport serial boards, if your computer doesn't have extra
serial ports. In addition, a terminal emulator is also required, such as
minicom. Refer to a manual of your operating system, for more
information.

   As for GRUB, the instruction to set up a serial terminal is quite
simple. First of all, make sure that you haven't specified the option
`--disable-serial' to the configure script when you built your GRUB
images. If you get them in binary form, probably they have serial
terminal support already.

   Then, initialize your serial terminal after GRUB starts up. Here is
an example:

     grub> serial --unit=0 --speed=9600
     grub> terminal serial

   The command `serial' initializes the serial unit 0 with the speed
9600bps. The serial unit 0 is usually called `COM1', so, if you want to
use COM2, you must specify `--unit=1' instead. This command accepts
many other options, so please refer to *Note serial::, for more details.

   The command `terminal' (*note terminal::) chooses which type of
terminal you want to use. In the case above, the terminal will be a
serial terminal, but you can also pass `console' to the command, as
`terminal serial console'. In this case, a terminal in which you press
any key will be selected as a GRUB terminal.

   However, note that GRUB assumes that your terminal emulator is
compatible with VT100 by default. This is true for most terminal
emulators nowadays, but you should pass the option `--dumb' to the
command if your terminal emulator is not VT100-compatible or implements
few VT100 escape sequences. If you specify this option then GRUB
provides you with an alternative menu interface, because the normal
menu requires several fancy features of your terminal.

 -- Command: serial [`--unit=unit'] [`--port=port'] [`--speed=speed']
          [`--word=word'] [`--parity=parity'] [`--stop=stop']
          [`--device=dev']
     Initialize a serial device. UNIT is a number in the range 0-3
     specifying which serial port to use; default is 0, which
     corresponds to the port often called COM1. PORT is the I/O port
     where the UART is to be found; if specified it takes precedence
     over UNIT.  SPEED is the transmission speed; default is 9600. WORD
     and STOP are the number of data bits and stop bits. Data bits must
     be in the range 5-8 and stop bits must be 1 or 2. Default is 8 data
     bits and one stop bit. PARITY is one of `no', `odd', `even' and
     defaults to `no'. The option `--device' can only be used in the
     grub shell and is used to specify the tty device to be used in the
     host operating system (*note Invoking the grub shell::).

     The serial port is not used as a communication channel unless the
     `terminal' command is used (*note terminal::).

     This command is only available if GRUB is compiled with serial
     support. See also *Note Serial terminal::.

 -- Command: terminal [`--dumb'] [`--no-echo'] [`--no-edit']
          [`--timeout=secs'] [`--lines=lines'] [`--silent'] [`console']
          [`serial'] [`hercules']
     Select a terminal for user interaction. The terminal is assumed to
     be VT100-compatible unless `--dumb' is specified. If both
     `console' and `serial' are specified, then GRUB will use the one
     where a key is entered first or the first when the timeout
     expires. If neither are specified, the current setting is
     reported. This command is only available if GRUB is compiled with
     serial support. See also *Note Serial terminal::.

     This may not make sense for most users, but GRUB supports Hercules
     console as well. Hercules console is usable like the ordinary
     console, and the usage is quite similar to that for serial
     terminals: specify `hercules' as the argument.

     The option `--lines' defines the number of lines in your terminal,
     and it is used for the internal pager function. If you don't
     specify this option, the number is assumed as 24.

     The option `--silent' suppresses the message to prompt you to hit
     any key. This might be useful if your system has no terminal
     device.

     The option `--no-echo' has GRUB not to echo back input characters.
     This implies the option `--no-edit'.

     The option `--no-edit' disables the BASH-like editing feature.
参考文档:
http://www.nullmodem.com/NullModem.htm
http://linux.sheup.com/linux/40/linux30790.htm
http://www.faqs.org/docs/Linux-HOWTO/Remote-Serial-Console-HOWTO.html
http://www.vanemery.com/Linux/Serial/serial-console.html
