PostgreSQL research

cp can change a file's content or md5sum?

2011-03-29 17:06:15   查看原文>>

我在写这个的时候还是抱有怀疑的态度。
今天一位数据仓库的兄弟在做一个文件的入库时报了一个如下的错误：
ERROR: gpfdist error - line too long in file
（很明显是使用GreenPlum的gpfdist外部表来做的入库，看起来是文件存在格式上的问题）.
奇怪的是，该同学把这个文件拷贝到另一个盘，就可以入库了（具体是不是这么做的我现在还是有点怀疑，因为看下面的分析）。
首先，原始文件和拷贝后的文件MD5值是不一样的，正常情况下拷贝一个文件MD5值应该是一样的。
[root@dw-host33-master-if0 ftp_samba]# md5sum 2__cookielog.tbl_dcs_download_rec_2011-03-29_11_20110329110000-20110329120000_0.txt
1eb0e31df897986f2f4d8b126a573f2a  2__cookielog.tbl_dcs_download_rec_2011-03-29_11_20110329110000-20110329120000_0.txt
[root@dw-host33-master-if0 ftp_samba]# md5sum 2__cookielog.tbl_dcs_download_rec_2011-03-29_11_20110329110000-20110329120000_0.txt1
a9d19ae0ebf7a30e08a372743248396f  2__cookielog.tbl_dcs_download_rec_2011-03-29_11_20110329110000-20110329120000_0.txt1

其次，两个文件在内容上存在差别
[root@dw-host33-master-if0 ftp_samba]# tail -n 1 2__cookielog.tbl_dcs_download_rec_2011-03-29_11_20110329110000-20110329120000_0.txt1 （异常入库的文件）
11346586045     856965949       )dzyDBzyO~zyDhzyzrzy    )#zzf1zyKBzyLlzy(Hzy    $l1^aD4%        euA=    240     320     575     00       327013  1002    2       8d1268c990d0fd0bc4a53c507d6b18e2?-88546930212897        410717  131535  1       0       0       200-88546930212897 100     2011-03-22 23:13:00     2011-03-29
11:55:58     2011-03-29 11:55:58     2011-03-29 11:59:59     211.140.18.130      0       8613800577500   0       310000  0       279182  410717  2
[root@dw-host33-master-if0 ftp_samba]# tail -n 1 2__cookielog.tbl_dcs_download_rec_2011-03-29_11_20110329110000-20110329120000_0.txt（正常入库的文件）
13249172728     -1459607343     )dzyK5zyKdzyf3zyzlzz    $jyy$1zyD5zyL)zzDtzy    3j6%$@7%bM==    bfzFqM==        240     320     35211      0       285     1       11      b3858e4f817039d61242cb052def6297?-76787182313009        44852   44852   1       0       0104112  -76787182313009 0       2011-03-29 11:59:02    
2011-03-29 11:59:45     2011-03-29 11:59:45     2011-03-29 11:59:59     117.136.4.11        0               0       30000   0       0       44852   3

下面是纪实的分析过程，把那个异常入库的文件重新再拷贝到另一个文件
cp 2__cookielog.tbl_dcs_download_rec_2011-03-29_11_20110329110000-20110329120000_0.txt1 2__cookielog.tbl_dcs_download_rec_2011-03-29_11_20110329110000-20110329120000_0.txt2
[root@dw-host33-master-if0 ftp_samba]# md5sum 2__cookielog.tbl_dcs_download_rec_2011-03-29_11_20110329110000-20110329120000_0.txt2
a9d19ae0ebf7a30e08a372743248396f  2__cookielog.tbl_dcs_download_rec_2011-03-29_11_20110329110000-20110329120000_0.txt2
MD5值与原文件一致，文件内容一致。

文件比较 : (拷贝后文件用CMP比较后一致，返回结果0)
[root@dw-host33-master-if0 ftp_samba]# cmp 2__cookielog.tbl_dcs_download_rec_2011-03-29_11_20110329110000-20110329120000_0.txt2 2__cookielog.tbl_dcs_download_rec_2011-03-29_11_20110329110000-20110329120000_0.txt1
[root@dw-host33-master-if0 ftp_samba]# echo $?
0
[root@dw-host33-master-if0 ftp_samba]# cmp （可以正常入库的文件和异常入库的文件比较后，发现内容不一致，返回结果1）
2__cookielog.tbl_dcs_download_rec_2011-03-29_11_20110329110000-20110329120000_0.txt2 2__cookielog.tbl_dcs_download_rec_2011-03-29_11_20110329110000-20110329120000_0.txt
2__cookielog.tbl_dcs_download_rec_2011-03-29_11_20110329110000-20110329120000_0.txt2 2__cookielog.tbl_dcs_download_rec_2011-03-29_11_20110329110000-20110329120000_0.txt differ: byte 732307705, line 2296506
[root@dw-host33-master-if0 ftp_samba]# echo $?
1

唯一可以让人理解的解释是：这位哥们搞错了，可能ETL重新做了一次，解决了格式上的问题。而可以正常入库的文件和异常入库的文件应该是两次ETL产生的文件。
